// Jest Snapshot v1, https://goo.gl/fbAQLP

exports[`renders correctly 1`] = `
<View
  style={
    Object {
      "alignContent": "center",
      "flex": 1,
      "marginHorizontal": 15,
      "marginTop": 60,
    }
  }
>
  <Text
    style={
      Object {
        "fontWeight": "bold",
        "paddingBottom": 20,
      }
    }
  >
    Đây là ứng dụng giúp bạn học lý thuyết để chuẩn bị cho kỳ thi sát hạch lý thuyết lái xe chỉ trong 3 ngày. Vui lòng thực hiện các bước dưới đây để đạt kết quả thi tốt nhất và rút ngắn nhất thời gian ôn luyện !
  </Text>
  <Text
    style={
      Object {
        "paddingBottom": 20,
      }
    }
  >
    1. Ngày đầu tiên bạn nên dành 8 tiếng để học hết tất cả các loại biển báo hay gặp.Tập trung vào các loại biển báo cấm, biển báo hiệu lệnh, biển bảo chỉ dẫn, biển báo nguy hiểm..
  </Text>
  <Text
    style={
      Object {
        "paddingBottom": 20,
      }
    }
  >
    2. Ngày thứ 2 bạn hãy vào phần học 450 câu lý thuyết, học đi học lại các câu lý thuyết này và các mẹo làm của từng câu, nhớ các định nghĩa cơ bản như nồng độ cồn, tốc độ cho phép..và học mẹo làm bài các câu hỏi sa hình..
  </Text>
  <Text
    style={
      Object {
        "paddingBottom": 20,
      }
    }
  >
    3. Ngày thứ 3 bạn hãy vào làm hết các bộ đề thi của từng hạng bằng lái xe. Sau khi làm xong tất cả các đề mặc định (đều đạt &gt; 28 câu trở lên). Bạn hãy trọn 1 đề xáo trộn và làm đến khi nào điểm thi của bạn đều đạt thì chúc mừng bạn đã hoàn thành quá trình ôn luyện
  </Text>
  <Text
    style={
      Object {
        "paddingBottom": 20,
      }
    }
  >
    4. Nếu bạn đã hoàn thành 3 bước trên, thì bạn chỉ cần giữ tự tin và bình tĩnh khi thi, chắc chắn bạn sẽ đạt kết quả cao.Chúc bạn thi đỗ với số điểm tối đa
  </Text>
  <RNGestureHandlerButton
    collapsable={false}
    onGestureEvent={[Function]}
    onGestureHandlerEvent={[Function]}
    onGestureHandlerStateChange={[Function]}
    onHandlerStateChange={[Function]}
    rippleColor={0}
    style={
      Array [
        Object {
          "overflow": "hidden",
        },
        undefined,
      ]
    }
  >
    <View
      accessible={true}
      style={
        Object {
          "backgroundColor": "green",
          "borderColor": "#fff",
          "borderRadius": 50,
          "borderWidth": 1,
          "marginHorizontal": 80,
          "paddingHorizontal": 10,
          "paddingVertical": 10,
        }
      }
    >
      <Text
        style={
          Object {
            "color": "#fff",
            "fontSize": 18,
            "textAlign": "center",
          }
        }
      >
        Bắt đầu sử dụng
      </Text>
    </View>
  </RNGestureHandlerButton>
</View>
`;
